// Jest Snapshot v1, https://goo.gl/fbAQLP

exports[`<Loader /> Should render and match the snapshot 1`] = `
<div
  class="ant-spin ant-spin-spinning"
>
  <span
    class="ant-spin-dot ant-spin-dot-spin"
  >
    <i
      class="ant-spin-dot-item"
    />
    <i
      class="ant-spin-dot-item"
    />
    <i
      class="ant-spin-dot-item"
    />
    <i
      class="ant-spin-dot-item"
    />
  </span>
</div>
`;
